2025-09-26 21:05:58.753 WARNING (SyncWorker_0) [homeassistant.loader] We found a custom integration browser_mod which has not been tested by Home Assistant. This component might cause stability problems, be sure to disable it if you experience issues with Home Assistant
2025-09-26 21:05:58.753 WARNING (SyncWorker_0) [homeassistant.loader] We found a custom integration hon which has not been tested by Home Assistant. This component might cause stability problems, be sure to disable it if you experience issues with Home Assistant
2025-09-26 21:05:58.754 WARNING (SyncWorker_0) [homeassistant.loader] We found a custom integration kleenex_pollenradar which has not been tested by Home Assistant. This component might cause stability problems, be sure to disable it if you experience issues with Home Assistant
2025-09-26 21:05:58.754 WARNING (SyncWorker_0) [homeassistant.loader] We found a custom integration sun2 which has not been tested by Home Assistant. This component might cause stability problems, be sure to disable it if you experience issues with Home Assistant
2025-09-26 21:05:58.755 WARNING (SyncWorker_0) [homeassistant.loader] We found a custom integration teslemetry which has not been tested by Home Assistant. This component might cause stability problems, be sure to disable it if you experience issues with Home Assistant
2025-09-26 21:05:58.755 WARNING (SyncWorker_0) [homeassistant.loader] We found a custom integration spook which has not been tested by Home Assistant. This component might cause stability problems, be sure to disable it if you experience issues with Home Assistant
2025-09-26 21:05:58.755 WARNING (SyncWorker_0) [homeassistant.loader] We found a custom integration watchman which has not been tested by Home Assistant. This component might cause stability problems, be sure to disable it if you experience issues with Home Assistant
2025-09-26 21:05:58.755 WARNING (SyncWorker_0) [homeassistant.loader] We found a custom integration xiaomi_miot which has not been tested by Home Assistant. This component might cause stability problems, be sure to disable it if you experience issues with Home Assistant
2025-09-26 21:05:58.755 WARNING (SyncWorker_0) [homeassistant.loader] We found a custom integration fluidra_pool which has not been tested by Home Assistant. This component might cause stability problems, be sure to disable it if you experience issues with Home Assistant
2025-09-26 21:05:58.756 WARNING (SyncWorker_0) [homeassistant.loader] We found a custom integration tornado which has not been tested by Home Assistant. This component might cause stability problems, be sure to disable it if you experience issues with Home Assistant
2025-09-26 21:05:58.756 WARNING (SyncWorker_0) [homeassistant.loader] We found a custom integration xiaomi_cloud_map_extractor which has not been tested by Home Assistant. This component might cause stability problems, be sure to disable it if you experience issues with Home Assistant
2025-09-26 21:05:58.757 WARNING (SyncWorker_0) [homeassistant.loader] We found a custom integration hacs which has not been tested by Home Assistant. This component might cause stability problems, be sure to disable it if you experience issues with Home Assistant
2025-09-26 21:05:58.757 WARNING (SyncWorker_0) [homeassistant.loader] We found a custom integration vigieau which has not been tested by Home Assistant. This component might cause stability problems, be sure to disable it if you experience issues with Home Assistant
2025-09-26 21:05:58.757 WARNING (SyncWorker_0) [homeassistant.loader] We found a custom integration candy which has not been tested by Home Assistant. This component might cause stability problems, be sure to disable it if you experience issues with Home Assistant
2025-09-26 21:05:58.757 WARNING (SyncWorker_0) [homeassistant.loader] We found a custom integration rtetempo which has not been tested by Home Assistant. This component might cause stability problems, be sure to disable it if you experience issues with Home Assistant
2025-09-26 21:05:58.758 WARNING (SyncWorker_0) [homeassistant.loader] We found a custom integration smartir which has not been tested by Home Assistant. This component might cause stability problems, be sure to disable it if you experience issues with Home Assistant
2025-09-26 21:05:58.758 WARNING (SyncWorker_0) [homeassistant.loader] We found a custom integration start_time which has not been tested by Home Assistant. This component might cause stability problems, be sure to disable it if you experience issues with Home Assistant
2025-09-26 21:05:58.758 WARNING (SyncWorker_0) [homeassistant.loader] We found a custom integration spook_inverse which has not been tested by Home Assistant. This component might cause stability problems, be sure to disable it if you experience issues with Home Assistant
2025-09-26 21:05:58.758 WARNING (SyncWorker_0) [homeassistant.loader] We found a custom integration controld which has not been tested by Home Assistant. This component might cause stability problems, be sure to disable it if you experience issues with Home Assistant
2025-09-26 21:05:58.758 WARNING (SyncWorker_0) [homeassistant.loader] We found a custom integration pollens which has not been tested by Home Assistant. This component might cause stability problems, be sure to disable it if you experience issues with Home Assistant
2025-09-26 21:05:58.759 WARNING (SyncWorker_0) [homeassistant.loader] We found a custom integration pronote which has not been tested by Home Assistant. This component might cause stability problems, be sure to disable it if you experience issues with Home Assistant
2025-09-26 21:05:58.759 WARNING (SyncWorker_0) [homeassistant.loader] We found a custom integration adaptive_lighting which has not been tested by Home Assistant. This component might cause stability problems, be sure to disable it if you experience issues with Home Assistant
2025-09-26 21:05:58.759 WARNING (SyncWorker_0) [homeassistant.loader] We found a custom integration meross_lan which has not been tested by Home Assistant. This component might cause stability problems, be sure to disable it if you experience issues with Home Assistant
2025-09-26 21:05:58.759 WARNING (SyncWorker_0) [homeassistant.loader] We found a custom integration alexa_media which has not been tested by Home Assistant. This component might cause stability problems, be sure to disable it if you experience issues with Home Assistant
2025-09-26 21:06:01.669 WARNING (ImportExecutor_0) [py.warnings] /usr/local/lib/python3.13/site-packages/miio/miot_device.py:23: FutureWarning: functools.partial will be a method descriptor in future Python versions; wrap it in enum.member() if you want to preserve the old behavior
  Bool = partial(_str2bool)

2025-09-26 21:06:01.867 WARNING (MainThread) [homeassistant.util.loop] Detected blocking call to load_default_certs with args (<ssl.SSLContext object at 0x7fa80b4114f0>, <Purpose.SERVER_AUTH: _ASN1Object(nid=129, shortname='serverAuth', longname='TLS Web Server Authentication', oid='1.3.6.1.5.5.7.3.1')>) inside the event loop by integration 'freebox' at homeassistant/components/freebox/__init__.py, line 22: await api.open(entry.data[CONF_HOST], entry.data[CONF_PORT]) (offender: /usr/local/lib/python3.13/ssl.py, line 722: context.load_default_certs(purpose)), please create a bug report at https://github.com/home-assistant/core/issues?q=is%3Aopen+is%3Aissue+label%3A%22integration%3A+freebox%22
For developers, please see https://developers.home-assistant.io/docs/asyncio_blocking_operations/#load_default_certs
Traceback (most recent call last):
  File "<frozen runpy>", line 198, in _run_module_as_main
  File "<frozen runpy>", line 88, in _run_code
  File "/usr/src/homeassistant/homeassistant/__main__.py", line 223, in <module>
    sys.exit(main())
  File "/usr/src/homeassistant/homeassistant/__main__.py", line 209, in main
    exit_code = runner.run(runtime_conf)
  File "/usr/src/homeassistant/homeassistant/runner.py", line 156, in run
    return loop.run_until_complete(setup_and_run_hass(runtime_config))
  File "/usr/local/lib/python3.13/asyncio/base_events.py", line 712, in run_until_complete
    self.run_forever()
  File "/usr/local/lib/python3.13/asyncio/base_events.py", line 683, in run_forever
    self._run_once()
  File "/usr/local/lib/python3.13/asyncio/base_events.py", line 2050, in _run_once
    handle._run()
  File "/usr/local/lib/python3.13/asyncio/events.py", line 89, in _run
    self._context.run(self._callback, *self._args)
  File "/usr/src/homeassistant/homeassistant/setup.py", line 170, in async_setup_component
    result = await _async_setup_component(hass, domain, config)
  File "/usr/src/homeassistant/homeassistant/setup.py", line 470, in _async_setup_component
    await asyncio.gather(
  File "/usr/src/homeassistant/homeassistant/setup.py", line 472, in <genexpr>
    create_eager_task(
  File "/usr/src/homeassistant/homeassistant/util/async_.py", line 44, in create_eager_task
    return Task(coro, loop=loop, name=name, eager_start=True)
  File "/usr/src/homeassistant/homeassistant/config_entries.py", line 896, in async_setup_locked
    await self.async_setup(hass, integration=integration)
  File "/usr/src/homeassistant/homeassistant/config_entries.py", line 662, in async_setup
    await self.__async_setup_with_context(hass, integration)
  File "/usr/src/homeassistant/homeassistant/config_entries.py", line 751, in __async_setup_with_context
    result = await component.async_setup_entry(hass, self)
  File "/usr/src/homeassistant/homeassistant/components/freebox/__init__.py", line 22, in async_setup_entry
    await api.open(entry.data[CONF_HOST], entry.data[CONF_PORT])

2025-09-26 21:06:01.870 WARNING (MainThread) [homeassistant.util.loop] Detected blocking call to set_default_verify_paths with args (<ssl.SSLContext object at 0x7fa80b4114f0>,) inside the event loop by integration 'freebox' at homeassistant/components/freebox/__init__.py, line 22: await api.open(entry.data[CONF_HOST], entry.data[CONF_PORT]) (offender: /usr/local/lib/python3.13/ssl.py, line 534: self.set_default_verify_paths()), please create a bug report at https://github.com/home-assistant/core/issues?q=is%3Aopen+is%3Aissue+label%3A%22integration%3A+freebox%22
For developers, please see https://developers.home-assistant.io/docs/asyncio_blocking_operations/#set_default_verify_paths
Traceback (most recent call last):
  File "<frozen runpy>", line 198, in _run_module_as_main
  File "<frozen runpy>", line 88, in _run_code
  File "/usr/src/homeassistant/homeassistant/__main__.py", line 223, in <module>
    sys.exit(main())
  File "/usr/src/homeassistant/homeassistant/__main__.py", line 209, in main
    exit_code = runner.run(runtime_conf)
  File "/usr/src/homeassistant/homeassistant/runner.py", line 156, in run
    return loop.run_until_complete(setup_and_run_hass(runtime_config))
  File "/usr/local/lib/python3.13/asyncio/base_events.py", line 712, in run_until_complete
    self.run_forever()
  File "/usr/local/lib/python3.13/asyncio/base_events.py", line 683, in run_forever
    self._run_once()
  File "/usr/local/lib/python3.13/asyncio/base_events.py", line 2050, in _run_once
    handle._run()
  File "/usr/local/lib/python3.13/asyncio/events.py", line 89, in _run
    self._context.run(self._callback, *self._args)
  File "/usr/src/homeassistant/homeassistant/setup.py", line 170, in async_setup_component
    result = await _async_setup_component(hass, domain, config)
  File "/usr/src/homeassistant/homeassistant/setup.py", line 470, in _async_setup_component
    await asyncio.gather(
  File "/usr/src/homeassistant/homeassistant/setup.py", line 472, in <genexpr>
    create_eager_task(
  File "/usr/src/homeassistant/homeassistant/util/async_.py", line 44, in create_eager_task
    return Task(coro, loop=loop, name=name, eager_start=True)
  File "/usr/src/homeassistant/homeassistant/config_entries.py", line 896, in async_setup_locked
    await self.async_setup(hass, integration=integration)
  File "/usr/src/homeassistant/homeassistant/config_entries.py", line 662, in async_setup
    await self.__async_setup_with_context(hass, integration)
  File "/usr/src/homeassistant/homeassistant/config_entries.py", line 751, in __async_setup_with_context
    result = await component.async_setup_entry(hass, self)
  File "/usr/src/homeassistant/homeassistant/components/freebox/__init__.py", line 22, in async_setup_entry
    await api.open(entry.data[CONF_HOST], entry.data[CONF_PORT])

2025-09-26 21:06:01.891 WARNING (MainThread) [homeassistant.util.loop] Detected blocking call to load_verify_locations with args (<ssl.SSLContext object at 0x7fa80b4114f0>,) inside the event loop by integration 'freebox' at homeassistant/components/freebox/__init__.py, line 22: await api.open(entry.data[CONF_HOST], entry.data[CONF_PORT]) (offender: /usr/local/lib/python3.13/site-packages/freebox_api/aiofreepybox.py, line 124: ssl_ctx.load_verify_locations(cafile=cert_path)), please create a bug report at https://github.com/home-assistant/core/issues?q=is%3Aopen+is%3Aissue+label%3A%22integration%3A+freebox%22
For developers, please see https://developers.home-assistant.io/docs/asyncio_blocking_operations/#load_verify_locations
Traceback (most recent call last):
  File "<frozen runpy>", line 198, in _run_module_as_main
  File "<frozen runpy>", line 88, in _run_code
  File "/usr/src/homeassistant/homeassistant/__main__.py", line 223, in <module>
    sys.exit(main())
  File "/usr/src/homeassistant/homeassistant/__main__.py", line 209, in main
    exit_code = runner.run(runtime_conf)
  File "/usr/src/homeassistant/homeassistant/runner.py", line 156, in run
    return loop.run_until_complete(setup_and_run_hass(runtime_config))
  File "/usr/local/lib/python3.13/asyncio/base_events.py", line 712, in run_until_complete
    self.run_forever()
  File "/usr/local/lib/python3.13/asyncio/base_events.py", line 683, in run_forever
    self._run_once()
  File "/usr/local/lib/python3.13/asyncio/base_events.py", line 2050, in _run_once
    handle._run()
  File "/usr/local/lib/python3.13/asyncio/events.py", line 89, in _run
    self._context.run(self._callback, *self._args)
  File "/usr/src/homeassistant/homeassistant/setup.py", line 170, in async_setup_component
    result = await _async_setup_component(hass, domain, config)
  File "/usr/src/homeassistant/homeassistant/setup.py", line 470, in _async_setup_component
    await asyncio.gather(
  File "/usr/src/homeassistant/homeassistant/setup.py", line 472, in <genexpr>
    create_eager_task(
  File "/usr/src/homeassistant/homeassistant/util/async_.py", line 44, in create_eager_task
    return Task(coro, loop=loop, name=name, eager_start=True)
  File "/usr/src/homeassistant/homeassistant/config_entries.py", line 896, in async_setup_locked
    await self.async_setup(hass, integration=integration)
  File "/usr/src/homeassistant/homeassistant/config_entries.py", line 662, in async_setup
    await self.__async_setup_with_context(hass, integration)
  File "/usr/src/homeassistant/homeassistant/config_entries.py", line 751, in __async_setup_with_context
    result = await component.async_setup_entry(hass, self)
  File "/usr/src/homeassistant/homeassistant/components/freebox/__init__.py", line 22, in async_setup_entry
    await api.open(entry.data[CONF_HOST], entry.data[CONF_PORT])

2025-09-26 21:06:01.895 WARNING (MainThread) [homeassistant.util.loop] Detected blocking call to open with args (PosixPath('/config/.storage/freebox/5mu9y3pt_fbxos_fr.conf'), 'r') inside the event loop by integration 'freebox' at homeassistant/components/freebox/__init__.py, line 22: await api.open(entry.data[CONF_HOST], entry.data[CONF_PORT]) (offender: /usr/local/lib/python3.13/site-packages/freebox_api/aiofreepybox.py, line 328: with open(token_file, "r") as f:), please create a bug report at https://github.com/home-assistant/core/issues?q=is%3Aopen+is%3Aissue+label%3A%22integration%3A+freebox%22
For developers, please see https://developers.home-assistant.io/docs/asyncio_blocking_operations/#open
Traceback (most recent call last):
  File "<frozen runpy>", line 198, in _run_module_as_main
  File "<frozen runpy>", line 88, in _run_code
  File "/usr/src/homeassistant/homeassistant/__main__.py", line 223, in <module>
    sys.exit(main())
  File "/usr/src/homeassistant/homeassistant/__main__.py", line 209, in main
    exit_code = runner.run(runtime_conf)
  File "/usr/src/homeassistant/homeassistant/runner.py", line 156, in run
    return loop.run_until_complete(setup_and_run_hass(runtime_config))
  File "/usr/local/lib/python3.13/asyncio/base_events.py", line 712, in run_until_complete
    self.run_forever()
  File "/usr/local/lib/python3.13/asyncio/base_events.py", line 683, in run_forever
    self._run_once()
  File "/usr/local/lib/python3.13/asyncio/base_events.py", line 2050, in _run_once
    handle._run()
  File "/usr/local/lib/python3.13/asyncio/events.py", line 89, in _run
    self._context.run(self._callback, *self._args)
  File "/usr/src/homeassistant/homeassistant/setup.py", line 170, in async_setup_component
    result = await _async_setup_component(hass, domain, config)
  File "/usr/src/homeassistant/homeassistant/setup.py", line 470, in _async_setup_component
    await asyncio.gather(
  File "/usr/src/homeassistant/homeassistant/setup.py", line 472, in <genexpr>
    create_eager_task(
  File "/usr/src/homeassistant/homeassistant/util/async_.py", line 44, in create_eager_task
    return Task(coro, loop=loop, name=name, eager_start=True)
  File "/usr/src/homeassistant/homeassistant/config_entries.py", line 896, in async_setup_locked
    await self.async_setup(hass, integration=integration)
  File "/usr/src/homeassistant/homeassistant/config_entries.py", line 662, in async_setup
    await self.__async_setup_with_context(hass, integration)
  File "/usr/src/homeassistant/homeassistant/config_entries.py", line 751, in __async_setup_with_context
    result = await component.async_setup_entry(hass, self)
  File "/usr/src/homeassistant/homeassistant/components/freebox/__init__.py", line 22, in async_setup_entry
    await api.open(entry.data[CONF_HOST], entry.data[CONF_PORT])

2025-09-26 21:06:02.072 WARNING (MainThread) [homeassistant.components.freebox.router] Home access is not granted
2025-09-26 21:06:04.616 WARNING (MainThread) [homeassistant.util.loop] Detected blocking call to open with args ('/root/.netrc',) inside the event loop by integration 'google_generative_ai_conversation' at homeassistant/components/google_generative_ai_conversation/__init__.py, line 165: await client.aio.models.get( (offender: /usr/local/lib/python3.13/netrc.py, line 87: with open(file, encoding="utf-8") as fp:), please create a bug report at https://github.com/home-assistant/core/issues?q=is%3Aopen+is%3Aissue+label%3A%22integration%3A+google_generative_ai_conversation%22
For developers, please see https://developers.home-assistant.io/docs/asyncio_blocking_operations/#open
Traceback (most recent call last):
  File "<frozen runpy>", line 198, in _run_module_as_main
  File "<frozen runpy>", line 88, in _run_code
  File "/usr/src/homeassistant/homeassistant/__main__.py", line 223, in <module>
    sys.exit(main())
  File "/usr/src/homeassistant/homeassistant/__main__.py", line 209, in main
    exit_code = runner.run(runtime_conf)
  File "/usr/src/homeassistant/homeassistant/runner.py", line 156, in run
    return loop.run_until_complete(setup_and_run_hass(runtime_config))
  File "/usr/local/lib/python3.13/asyncio/base_events.py", line 712, in run_until_complete
    self.run_forever()
  File "/usr/local/lib/python3.13/asyncio/base_events.py", line 683, in run_forever
    self._run_once()
  File "/usr/local/lib/python3.13/asyncio/base_events.py", line 2050, in _run_once
    handle._run()
  File "/usr/local/lib/python3.13/asyncio/events.py", line 89, in _run
    self._context.run(self._callback, *self._args)
  File "/usr/src/homeassistant/homeassistant/config_entries.py", line 896, in async_setup_locked
    await self.async_setup(hass, integration=integration)
  File "/usr/src/homeassistant/homeassistant/config_entries.py", line 662, in async_setup
    await self.__async_setup_with_context(hass, integration)
  File "/usr/src/homeassistant/homeassistant/config_entries.py", line 751, in __async_setup_with_context
    result = await component.async_setup_entry(hass, self)
  File "/usr/src/homeassistant/homeassistant/components/google_generative_ai_conversation/__init__.py", line 165, in async_setup_entry
    await client.aio.models.get(

2025-09-26 21:06:09.559 ERROR (MainThread) [homeassistant.components.websocket_api.http.connection] [140360180392768] Error handling message: Unknown error (unknown_error) St√©phane from 192.168.1.180 (Mozilla/5.0 (X11; Linux x86_64) AppleWebKit/537.36 (KHTML, like Gecko) Chrome/142.0.0.0 Safari/537.36)
Traceback (most recent call last):
  File "/usr/src/homeassistant/homeassistant/components/websocket_api/decorators.py", line 28, in _handle_async_response
    await func(hass, connection, msg)
  File "/usr/src/homeassistant/homeassistant/components/websocket_api/commands.py", line 652, in handle_manifest_list
    raise int_or_exc
homeassistant.loader.IntegrationNotFound: Integration 'powercalc' not found.
2025-09-26 21:06:10.326 ERROR (MainThread) [homeassistant.components.switch] Platform teslemetry does not generate unique IDs. ID LRW3E7FS5RC960312-vehicle_state_valet_mode already exists - ignoring switch.tesla_model_3_valet_mode
2025-09-26 21:06:10.388 WARNING (MainThread) [homeassistant.helpers.entity] Entity None (<class 'homeassistant.components.esphome.select.EsphomeAssistPipelineSelect'>) has translation placeholders '{}' which do not match the name 'Assistant{index}', please create a bug report at https://github.com/home-assistant/core/issues?q=is%3Aopen+is%3Aissue+label%3A%22integration%3A+esphome%22
2025-09-26 21:06:10.389 WARNING (MainThread) [homeassistant.helpers.entity] Entity None (<class 'homeassistant.components.esphome.select.EsphomeAssistSatelliteWakeWordSelect'>) has translation placeholders '{}' which do not match the name 'Wake word{index}', please create a bug report at https://github.com/home-assistant/core/issues?q=is%3Aopen+is%3Aissue+label%3A%22integration%3A+esphome%22
2025-09-26 21:06:10.741 WARNING (MainThread) [homeassistant.components.sensor] Entity sensor.tesla_ble_1fd874_charge_limit (<class 'homeassistant.components.esphome.sensor.EsphomeSensor'>) is using native unit of measurement '%' which is not a valid unit for the device class ('energy_storage') it is using; expected one of ['kJ', 'GJ', 'MWh', 'MJ', 'TWh', 'kWh', 'Mcal', 'J', 'Gcal', 'cal', 'mWh', 'GWh', 'Wh', 'kcal']; Please update your configuration if your entity is manually configured, otherwise create a bug report at https://github.com/home-assistant/core/issues?q=is%3Aopen+is%3Aissue+label%3A%22integration%3A+esphome%22
2025-09-26 21:06:11.074 ERROR (MainThread) [homeassistant.components.mqtt] The 'rgb' option has been removed, please remove it from your configuration
2025-09-26 21:06:13.064 WARNING (MainThread) [homeassistant.components.songpal.media_player] [HT-ZF9(http://192.168.1.219:10000/sony)] Unable to connect
2025-09-26 21:06:13.064 WARNING (MainThread) [homeassistant.components.media_player] Platform songpal not ready yet: Unable to do POST request: Cannot connect to host 192.168.1.219:10000 ssl:default [Connect call failed ('192.168.1.219', 10000)]: None; Retrying in background in 30 seconds
2025-09-26 21:06:13.228 WARNING (MainThread) [homeassistant.helpers.template] Template variable warning: 'dict object' has no attribute 'human_detect_enabled' when rendering '{{ value_json.human_detect_enabled }}'
2025-09-26 21:06:13.232 WARNING (MainThread) [homeassistant.helpers.template] Template variable warning: 'dict object' has no attribute 'human_detect_enabled' when rendering '{{ value_json.human_detect_enabled }}'
2025-09-26 21:06:13.233 ERROR (MainThread) [homeassistant.components.mqtt.select] Invalid option for select.piscine_lighting_trigger: 'alarm_on' (valid options: ['manual', 'always'])
2025-09-26 21:06:13.285 WARNING (MainThread) [homeassistant.components.mqtt.light.schema_json] Invalid color mode 'rgb' received for entity light.espresense_entree_led_1
2025-09-26 21:06:13.286 WARNING (MainThread) [homeassistant.components.light] light.espresense_entree_led_1 (<class 'homeassistant.components.mqtt.light.schema_json.MqttLightJson'>) does not report a color mode, this will stop working in Home Assistant Core 2025.3, please create a bug report at https://github.com/home-assistant/core/issues?q=is%3Aopen+is%3Aissue+label%3A%22integration%3A+mqtt%22
2025-09-26 21:06:13.435 ERROR (MainThread) [custom_components.fluidra_pool.coordinator] üîç COMPONENT 6: reported=, desired=None, full={'id': 6, 'reportedValue': '', 'ts': 1758908740}
2025-09-26 21:06:13.675 ERROR (MainThread) [homeassistant.components.websocket_api.http.connection] [140359300271936] Error handling message: Unknown error (unknown_error) St√©phane from 192.168.1.180 (Mozilla/5.0 (X11; Linux x86_64) AppleWebKit/537.36 (KHTML, like Gecko) Chrome/142.0.0.0 Safari/537.36)
Traceback (most recent call last):
  File "/usr/src/homeassistant/homeassistant/components/websocket_api/decorators.py", line 28, in _handle_async_response
    await func(hass, connection, msg)
  File "/usr/src/homeassistant/homeassistant/components/websocket_api/commands.py", line 652, in handle_manifest_list
    raise int_or_exc
homeassistant.loader.IntegrationNotFound: Integration 'powercalc' not found.
2025-09-26 21:06:15.813 ERROR (MainThread) [custom_components.fluidra_pool.coordinator] üîç COMPONENT 16: reported=100, desired=None, full={'id': 16, 'reportedValue': 100, 'ts': 1758908740}
2025-09-26 21:06:16.032 ERROR (MainThread) [custom_components.fluidra_pool.coordinator] üîç COMPONENT 17: reported=1, desired=None, full={'id': 17, 'reportedValue': 1, 'ts': 1758908740}
2025-09-26 21:06:17.943 WARNING (MainThread) [custom_components.fluidra_pool.switch] [8] ‚ùå Schedule not found in 7 schedules
2025-09-26 21:06:17.943 WARNING (MainThread) [custom_components.fluidra_pool.switch] [8] Available schedule IDs:
2025-09-26 21:06:17.943 WARNING (MainThread) [custom_components.fluidra_pool.switch] [8]   0: id='1', enabled=True
2025-09-26 21:06:17.943 WARNING (MainThread) [custom_components.fluidra_pool.switch] [8]   1: id='2', enabled=True
2025-09-26 21:06:17.943 WARNING (MainThread) [custom_components.fluidra_pool.switch] [8]   2: id='3', enabled=True
2025-09-26 21:06:17.943 WARNING (MainThread) [custom_components.fluidra_pool.switch] [8]   3: id='4', enabled=True
2025-09-26 21:06:17.943 WARNING (MainThread) [custom_components.fluidra_pool.switch] [8]   4: id='5', enabled=True
2025-09-26 21:06:17.943 WARNING (MainThread) [custom_components.fluidra_pool.switch] [8]   5: id='6', enabled=True
2025-09-26 21:06:17.944 WARNING (MainThread) [custom_components.fluidra_pool.switch] [8]   6: id='7', enabled=True
2025-09-26 21:06:17.948 WARNING (MainThread) [custom_components.fluidra_pool.select] [SELECT 8] ‚ùå Schedule not found in 7 schedules
2025-09-26 21:06:17.948 WARNING (MainThread) [custom_components.fluidra_pool.select] [SELECT 8] ‚ùå Schedule not found in 7 schedules
2025-09-26 21:06:17.948 WARNING (MainThread) [custom_components.fluidra_pool.select] [SELECT 8] ‚ùå Schedule not found in 7 schedules
2025-09-26 21:06:18.000 ERROR (MainThread) [homeassistant.helpers.event] Error while processing template: Template<template=({{states('sensor.lave_linge_consommation_denergie_actuel') | float * 1000 }}) renders=2>
Traceback (most recent call last):
  File "/usr/src/homeassistant/homeassistant/helpers/template.py", line 2446, in forgiving_float_filter
    return float(value)
ValueError: could not convert string to float: 'unknown'

During handling of the above exception, another exception occurred:

Traceback (most recent call last):
  File "/usr/src/homeassistant/homeassistant/helpers/template.py", line 641, in async_render
    render_result = _render_with_context(self.template, compiled, **kwargs)
  File "/usr/src/homeassistant/homeassistant/helpers/template.py", line 2977, in _render_with_context
    return template.render(**kwargs)
           ~~~~~~~~~~~~~~~^^^^^^^^^^
  File "/usr/local/lib/python3.13/site-packages/jinja2/environment.py", line 1295, in render
    self.environment.handle_exception()
    ~~~~~~~~~~~~~~~~~~~~~~~~~~~~~~~~~^^
  File "/usr/local/lib/python3.13/site-packages/jinja2/environment.py", line 942, in handle_exception
    raise rewrite_traceback_stack(source=source)
  File "<template>", line 1, in top-level template code
  File "/usr/src/homeassistant/homeassistant/helpers/template.py", line 2449, in forgiving_float_filter
    raise_no_default("float", value)
    ~~~~~~~~~~~~~~~~^^^^^^^^^^^^^^^^
  File "/usr/src/homeassistant/homeassistant/helpers/template.py", line 1975, in raise_no_default
    raise ValueError(
    ...<2 lines>...
    )
ValueError: Template error: float got invalid input 'unknown' when rendering template '{{states('sensor.lave_linge_consommation_denergie_actuel') | float * 1000 }}' but no default was specified

The above exception was the direct cause of the following exception:

Traceback (most recent call last):
  File "/usr/src/homeassistant/homeassistant/helpers/template.py", line 758, in async_render_to_info
    render_info._result = self.async_render(  # noqa: SLF001
                          ~~~~~~~~~~~~~~~~~^^^^^^^^^^^^^^^^^
        variables, strict=strict, log_fn=log_fn, **kwargs
        ^^^^^^^^^^^^^^^^^^^^^^^^^^^^^^^^^^^^^^^^^^^^^^^^^
    )
    ^
  File "/usr/src/homeassistant/homeassistant/helpers/template.py", line 643, in async_render
    raise TemplateError(err) from err
homeassistant.exceptions.TemplateError: ValueError: Template error: float got invalid input 'unknown' when rendering template '{{states('sensor.lave_linge_consommation_denergie_actuel') | float * 1000 }}' but no default was specified
2025-09-26 21:06:18.004 ERROR (MainThread) [homeassistant.components.template.template_entity] TemplateError('ValueError: Template error: float got invalid input 'unknown' when rendering template '{{states('sensor.lave_linge_consommation_denergie_actuel') | float * 1000 }}' but no default was specified') while processing template 'Template<template=({{states('sensor.lave_linge_consommation_denergie_actuel') | float * 1000 }}) renders=4>' for attribute '_attr_native_value' in entity 'sensor.lave_linge_puissance_w'
2025-09-26 21:06:18.005 ERROR (MainThread) [homeassistant.helpers.event] Error while processing template: Template<template=({% set months = {
            'January': 'Janvier',
            'February': 'F√©vrier',
            'March': 'Mars',
            'April': 'Avril',
            'May': 'Mai',
            'June': 'Juin',
            'July': 'Juillet',
            'August': 'Ao√ªt',
            'September': 'Septembre',
            'October': 'Octobre',
            'November': 'Novembre',
            'December': 'D√©cembre'
          } %}
          {% set timestamp = as_timestamp(states('sensor.tesla_model_3_time_at_full_charge')) %}
          {{ (timestamp | timestamp_custom('%d %B %Y √† %H:%M')).replace(timestamp | timestamp_custom('%B'), months[timestamp | timestamp_custom('%B')]) }}) renders=2>
Traceback (most recent call last):
  File "/usr/src/homeassistant/homeassistant/helpers/template.py", line 2209, in forgiving_as_timestamp
    return dt_util.as_timestamp(value)
           ~~~~~~~~~~~~~~~~~~~~^^^^^^^
  File "/usr/src/homeassistant/homeassistant/util/dt.py", line 155, in as_timestamp
    raise ValueError("not a valid date/time.")
ValueError: not a valid date/time.

During handling of the above exception, another exception occurred:

Traceback (most recent call last):
  File "/usr/src/homeassistant/homeassistant/helpers/template.py", line 641, in async_render
    render_result = _render_with_context(self.template, compiled, **kwargs)
  File "/usr/src/homeassistant/homeassistant/helpers/template.py", line 2977, in _render_with_context
    return template.render(**kwargs)
           ~~~~~~~~~~~~~~~^^^^^^^^^^
  File "/usr/local/lib/python3.13/site-packages/jinja2/environment.py", line 1295, in render
    self.environment.handle_exception()
    ~~~~~~~~~~~~~~~~~~~~~~~~~~~~~~~~~^^
  File "/usr/local/lib/python3.13/site-packages/jinja2/environment.py", line 942, in handle_exception
    raise rewrite_traceback_stack(source=source)
  File "<template>", line 15, in top-level template code
  File "/usr/local/lib/python3.13/site-packages/jinja2/sandbox.py", line 401, in call
    return __context.call(__obj, *args, **kwargs)
           ~~~~~~~~~~~~~~^^^^^^^^^^^^^^^^^^^^^^^^
  File "/usr/src/homeassistant/homeassistant/helpers/template.py", line 2212, in forgiving_as_timestamp
    raise_no_default("as_timestamp", value)
    ~~~~~~~~~~~~~~~~^^^^^^^^^^^^^^^^^^^^^^^
  File "/usr/src/homeassistant/homeassistant/helpers/template.py", line 1975, in raise_no_default
    raise ValueError(
    ...<2 lines>...
    )
ValueError: Template error: as_timestamp got invalid input 'unknown' when rendering template '{% set months = {
            'January': 'Janvier',
            'February': 'F√©vrier',
            'March': 'Mars',
            'April': 'Avril',
            'May': 'Mai',
            'June': 'Juin',
            'July': 'Juillet',
            'August': 'Ao√ªt',
            'September': 'Septembre',
            'October': 'Octobre',
            'November': 'Novembre',
            'December': 'D√©cembre'
          } %}
          {% set timestamp = as_timestamp(states('sensor.tesla_model_3_time_at_full_charge')) %}
          {{ (timestamp | timestamp_custom('%d %B %Y √† %H:%M')).replace(timestamp | timestamp_custom('%B'), months[timestamp | timestamp_custom('%B')]) }}' but no default was specified

The above exception was the direct cause of the following exception:

Traceback (most recent call last):
  File "/usr/src/homeassistant/homeassistant/helpers/template.py", line 758, in async_render_to_info
    render_info._result = self.async_render(  # noqa: SLF001
                          ~~~~~~~~~~~~~~~~~^^^^^^^^^^^^^^^^^
        variables, strict=strict, log_fn=log_fn, **kwargs
        ^^^^^^^^^^^^^^^^^^^^^^^^^^^^^^^^^^^^^^^^^^^^^^^^^
    )
    ^
  File "/usr/src/homeassistant/homeassistant/helpers/template.py", line 643, in async_render
    raise TemplateError(err) from err
homeassistant.exceptions.TemplateError: ValueError: Template error: as_timestamp got invalid input 'unknown' when rendering template '{% set months = {
            'January': 'Janvier',
            'February': 'F√©vrier',
            'March': 'Mars',
            'April': 'Avril',
            'May': 'Mai',
            'June': 'Juin',
            'July': 'Juillet',
            'August': 'Ao√ªt',
            'September': 'Septembre',
            'October': 'Octobre',
            'November': 'Novembre',
            'December': 'D√©cembre'
          } %}
          {% set timestamp = as_timestamp(states('sensor.tesla_model_3_time_at_full_charge')) %}
          {{ (timestamp | timestamp_custom('%d %B %Y √† %H:%M')).replace(timestamp | timestamp_custom('%B'), months[timestamp | timestamp_custom('%B')]) }}' but no default was specified
2025-09-26 21:06:18.008 ERROR (MainThread) [homeassistant.components.template.template_entity] TemplateError('ValueError: Template error: as_timestamp got invalid input 'unknown' when rendering template '{% set months = {
            'January': 'Janvier',
            'February': 'F√©vrier',
            'March': 'Mars',
            'April': 'Avril',
            'May': 'Mai',
            'June': 'Juin',
            'July': 'Juillet',
            'August': 'Ao√ªt',
            'September': 'Septembre',
            'October': 'Octobre',
            'November': 'Novembre',
            'December': 'D√©cembre'
          } %}
          {% set timestamp = as_timestamp(states('sensor.tesla_model_3_time_at_full_charge')) %}
          {{ (timestamp | timestamp_custom('%d %B %Y √† %H:%M')).replace(timestamp | timestamp_custom('%B'), months[timestamp | timestamp_custom('%B')]) }}' but no default was specified') while processing template 'Template<template=({% set months = {
            'January': 'Janvier',
            'February': 'F√©vrier',
            'March': 'Mars',
            'April': 'Avril',
            'May': 'Mai',
            'June': 'Juin',
            'July': 'Juillet',
            'August': 'Ao√ªt',
            'September': 'Septembre',
            'October': 'Octobre',
            'November': 'Novembre',
            'December': 'D√©cembre'
          } %}
          {% set timestamp = as_timestamp(states('sensor.tesla_model_3_time_at_full_charge')) %}
          {{ (timestamp | timestamp_custom('%d %B %Y √† %H:%M')).replace(timestamp | timestamp_custom('%B'), months[timestamp | timestamp_custom('%B')]) }}) renders=4>' for attribute '_attr_native_value' in entity 'sensor.tesla_heure_estimee_de_fin_de_charge'
2025-09-26 21:06:18.011 WARNING (MainThread) [homeassistant.helpers.template] Template variable warning: 'homeassistant.util.read_only_dict.ReadOnlyDict object' has no attribute 'dailymonth_cost' when rendering '{% set total = 0 %}
          {% for cost in states.sensor.linky_consumption.attributes.dailymonth_cost %}
            {% set total = total + (cost|replace(',', '.')|float) %}
          {% endfor %}
          {{ total|round(2) }}'
2025-09-26 21:06:18.011 WARNING (MainThread) [homeassistant.helpers.template] Template variable warning: 'homeassistant.util.read_only_dict.ReadOnlyDict object' has no attribute 'dailymonth_cost' when rendering '{% set total = 0 %}
          {% for cost in states.sensor.linky_consumption.attributes.dailymonth_cost %}
            {% set total = total + (cost|replace(',', '.')|float) %}
          {% endfor %}
          {{ total|round(2) }}'
2025-09-26 21:06:18.011 WARNING (MainThread) [homeassistant.helpers.template] Template variable warning: 'homeassistant.util.read_only_dict.ReadOnlyDict object' has no attribute 'dailymonth_costHP' when rendering '{% set total = 0 %}
          {% for cost in states.sensor.linky_consumption.attributes.dailymonth_costHP %}
            {% set total = total + (cost|replace(',', '.')|float) %}
          {% endfor %}
          {{ total|round(2) }}'
2025-09-26 21:06:18.012 WARNING (MainThread) [homeassistant.helpers.template] Template variable warning: 'homeassistant.util.read_only_dict.ReadOnlyDict object' has no attribute 'dailymonth_costHP' when rendering '{% set total = 0 %}
          {% for cost in states.sensor.linky_consumption.attributes.dailymonth_costHP %}
            {% set total = total + (cost|replace(',', '.')|float) %}
          {% endfor %}
          {{ total|round(2) }}'
2025-09-26 21:06:18.012 WARNING (MainThread) [homeassistant.helpers.template] Template variable warning: 'homeassistant.util.read_only_dict.ReadOnlyDict object' has no attribute 'dailymonth_costHC' when rendering '{% set total = 0 %}
          {% for cost in states.sensor.linky_consumption.attributes.dailymonth_costHC %}
            {% set total = total + (cost|replace(',', '.')|float) %}
          {% endfor %}
          {{ total|round(2) }}'
2025-09-26 21:06:18.012 WARNING (MainThread) [homeassistant.helpers.template] Template variable warning: 'homeassistant.util.read_only_dict.ReadOnlyDict object' has no attribute 'dailymonth_costHC' when rendering '{% set total = 0 %}
          {% for cost in states.sensor.linky_consumption.attributes.dailymonth_costHC %}
            {% set total = total + (cost|replace(',', '.')|float) %}
          {% endfor %}
          {{ total|round(2) }}'
2025-09-26 21:06:18.017 ERROR (MainThread) [homeassistant.helpers.event] Error while processing template: Template<template=({% set sum_hp = states('sensor.consommation_semaine_hp')|float %}
          {% set sum_hc = states('sensor.consommation_semaine_hc')|float %}
          {% set total = sum_hp + sum_hc %}
          {% if total > 0 %}
            {{ (sum_hp/total * 100)|round(1) }}
          {% else %}
            0
          {% endif %}) renders=2>
Traceback (most recent call last):
  File "/usr/src/homeassistant/homeassistant/helpers/template.py", line 2446, in forgiving_float_filter
    return float(value)
ValueError: could not convert string to float: 'unknown'

During handling of the above exception, another exception occurred:

Traceback (most recent call last):
  File "/usr/src/homeassistant/homeassistant/helpers/template.py", line 641, in async_render
    render_result = _render_with_context(self.template, compiled, **kwargs)
  File "/usr/src/homeassistant/homeassistant/helpers/template.py", line 2977, in _render_with_context
    return template.render(**kwargs)
           ~~~~~~~~~~~~~~~^^^^^^^^^^
  File "/usr/local/lib/python3.13/site-packages/jinja2/environment.py", line 1295, in render
    self.environment.handle_exception()
    ~~~~~~~~~~~~~~~~~~~~~~~~~~~~~~~~~^^
  File "/usr/local/lib/python3.13/site-packages/jinja2/environment.py", line 942, in handle_exception
    raise rewrite_traceback_stack(source=source)
  File "<template>", line 1, in top-level template code
  File "/usr/src/homeassistant/homeassistant/helpers/template.py", line 2449, in forgiving_float_filter
    raise_no_default("float", value)
    ~~~~~~~~~~~~~~~~^^^^^^^^^^^^^^^^
  File "/usr/src/homeassistant/homeassistant/helpers/template.py", line 1975, in raise_no_default
    raise ValueError(
    ...<2 lines>...
    )
ValueError: Template error: float got invalid input 'unknown' when rendering template '{% set sum_hp = states('sensor.consommation_semaine_hp')|float %}
          {% set sum_hc = states('sensor.consommation_semaine_hc')|float %}
          {% set total = sum_hp + sum_hc %}
          {% if total > 0 %}
            {{ (sum_hp/total * 100)|round(1) }}
          {% else %}
            0
          {% endif %}' but no default was specified

The above exception was the direct cause of the following exception:

Traceback (most recent call last):
  File "/usr/src/homeassistant/homeassistant/helpers/template.py", line 758, in async_render_to_info
    render_info._result = self.async_render(  # noqa: SLF001
                          ~~~~~~~~~~~~~~~~~^^^^^^^^^^^^^^^^^
        variables, strict=strict, log_fn=log_fn, **kwargs
        ^^^^^^^^^^^^^^^^^^^^^^^^^^^^^^^^^^^^^^^^^^^^^^^^^
    )
    ^
  File "/usr/src/homeassistant/homeassistant/helpers/template.py", line 643, in async_render
    raise TemplateError(err) from err
homeassistant.exceptions.TemplateError: ValueError: Template error: float got invalid input 'unknown' when rendering template '{% set sum_hp = states('sensor.consommation_semaine_hp')|float %}
          {% set sum_hc = states('sensor.consommation_semaine_hc')|float %}
          {% set total = sum_hp + sum_hc %}
          {% if total > 0 %}
            {{ (sum_hp/total * 100)|round(1) }}
          {% else %}
            0
          {% endif %}' but no default was specified
2025-09-26 21:06:18.019 ERROR (MainThread) [homeassistant.components.template.template_entity] TemplateError('ValueError: Template error: float got invalid input 'unknown' when rendering template '{% set sum_hp = states('sensor.consommation_semaine_hp')|float %}
          {% set sum_hc = states('sensor.consommation_semaine_hc')|float %}
          {% set total = sum_hp + sum_hc %}
          {% if total > 0 %}
            {{ (sum_hp/total * 100)|round(1) }}
          {% else %}
            0
          {% endif %}' but no default was specified') while processing template 'Template<template=({% set sum_hp = states('sensor.consommation_semaine_hp')|float %}
          {% set sum_hc = states('sensor.consommation_semaine_hc')|float %}
          {% set total = sum_hp + sum_hc %}
          {% if total > 0 %}
            {{ (sum_hp/total * 100)|round(1) }}
          {% else %}
            0
          {% endif %}) renders=4>' for attribute '_attr_native_value' in entity 'sensor.pourcentage_hp_semaine'
2025-09-26 21:06:18.019 ERROR (MainThread) [homeassistant.helpers.event] Error while processing template: Template<template=({% set sum_hp = states('sensor.consommation_semaine_hp')|float %}
          {% set sum_hc = states('sensor.consommation_semaine_hc')|float %}
          {% set total = sum_hp + sum_hc %}
          {% if total > 0 %}
            {{ (sum_hc/total * 100)|round(1) }}
          {% else %}
            0
          {% endif %}) renders=2>
Traceback (most recent call last):
  File "/usr/src/homeassistant/homeassistant/helpers/template.py", line 2446, in forgiving_float_filter
    return float(value)
ValueError: could not convert string to float: 'unknown'

During handling of the above exception, another exception occurred:

Traceback (most recent call last):
  File "/usr/src/homeassistant/homeassistant/helpers/template.py", line 641, in async_render
    render_result = _render_with_context(self.template, compiled, **kwargs)
  File "/usr/src/homeassistant/homeassistant/helpers/template.py", line 2977, in _render_with_context
    return template.render(**kwargs)
           ~~~~~~~~~~~~~~~^^^^^^^^^^
  File "/usr/local/lib/python3.13/site-packages/jinja2/environment.py", line 1295, in render
    self.environment.handle_exception()
    ~~~~~~~~~~~~~~~~~~~~~~~~~~~~~~~~~^^
  File "/usr/local/lib/python3.13/site-packages/jinja2/environment.py", line 942, in handle_exception
    raise rewrite_traceback_stack(source=source)
  File "<template>", line 1, in top-level template code
  File "/usr/src/homeassistant/homeassistant/helpers/template.py", line 2449, in forgiving_float_filter
    raise_no_default("float", value)
    ~~~~~~~~~~~~~~~~^^^^^^^^^^^^^^^^
  File "/usr/src/homeassistant/homeassistant/helpers/template.py", line 1975, in raise_no_default
    raise ValueError(
    ...<2 lines>...
    )
ValueError: Template error: float got invalid input 'unknown' when rendering template '{% set sum_hp = states('sensor.consommation_semaine_hp')|float %}
          {% set sum_hc = states('sensor.consommation_semaine_hc')|float %}
          {% set total = sum_hp + sum_hc %}
          {% if total > 0 %}
            {{ (sum_hc/total * 100)|round(1) }}
          {% else %}
            0
          {% endif %}' but no default was specified

The above exception was the direct cause of the following exception:

Traceback (most recent call last):
  File "/usr/src/homeassistant/homeassistant/helpers/template.py", line 758, in async_render_to_info
    render_info._result = self.async_render(  # noqa: SLF001
                          ~~~~~~~~~~~~~~~~~^^^^^^^^^^^^^^^^^
        variables, strict=strict, log_fn=log_fn, **kwargs
        ^^^^^^^^^^^^^^^^^^^^^^^^^^^^^^^^^^^^^^^^^^^^^^^^^
    )
    ^
  File "/usr/src/homeassistant/homeassistant/helpers/template.py", line 643, in async_render
    raise TemplateError(err) from err
homeassistant.exceptions.TemplateError: ValueError: Template error: float got invalid input 'unknown' when rendering template '{% set sum_hp = states('sensor.consommation_semaine_hp')|float %}
          {% set sum_hc = states('sensor.consommation_semaine_hc')|float %}
          {% set total = sum_hp + sum_hc %}
          {% if total > 0 %}
            {{ (sum_hc/total * 100)|round(1) }}
          {% else %}
            0
          {% endif %}' but no default was specified
2025-09-26 21:06:18.021 ERROR (MainThread) [homeassistant.components.template.template_entity] TemplateError('ValueError: Template error: float got invalid input 'unknown' when rendering template '{% set sum_hp = states('sensor.consommation_semaine_hp')|float %}
          {% set sum_hc = states('sensor.consommation_semaine_hc')|float %}
          {% set total = sum_hp + sum_hc %}
          {% if total > 0 %}
            {{ (sum_hc/total * 100)|round(1) }}
          {% else %}
            0
          {% endif %}' but no default was specified') while processing template 'Template<template=({% set sum_hp = states('sensor.consommation_semaine_hp')|float %}
          {% set sum_hc = states('sensor.consommation_semaine_hc')|float %}
          {% set total = sum_hp + sum_hc %}
          {% if total > 0 %}
            {{ (sum_hc/total * 100)|round(1) }}
          {% else %}
            0
          {% endif %}) renders=4>' for attribute '_attr_native_value' in entity 'sensor.pourcentage_hc_semaine'
2025-09-26 21:06:18.133 WARNING (MainThread) [custom_components.hacs] You have 'YorkshireIoT/ha-google-fit' installed with HACS this repository has been removed from HACS, please consider removing it. Removal reason (Repository is archived)
2025-09-26 21:06:18.134 WARNING (MainThread) [custom_components.hacs] You have 'custom-cards/bar-card' installed with HACS this repository has been removed from HACS, please consider removing it. Removal reason (Repository is no longer maintained)
2025-09-26 21:06:18.134 WARNING (MainThread) [custom_components.hacs] You have 'Deejayfool/hass-shutter-card' installed with HACS this repository has been removed from HACS, please consider removing it. Removal reason (Request from author)
2025-09-26 21:06:18.135 WARNING (MainThread) [custom_components.hacs] You have 'nervetattoo/simple-thermostat' installed with HACS this repository has been removed from HACS, please consider removing it. Removal reason (Repository has been abandoned)
2025-09-26 21:06:33.024 WARNING (MainThread) [homeassistant.core] Something is blocking Home Assistant from wrapping up the start up phase. We're going to continue anyway. Please report the following info at https://github.com/home-assistant/core/issues: sun, hue, api, switch_as_x.fan, esphome.lock, overkiz.switch, ring.light, freebox, tuya.select, overkiz.number, mqtt.select, scene, meteo_france, matter.light, mobile_app.device_tracker, group, application_credentials, shelly.select, meross_lan.update, thread, google_generative_ai_conversation, meross_lan.binary_sensor, sun.binary_sensor, mqtt.light, homeassistant, hacs.update, esphome.switch, smlight.switch, tuya.humidifier, shelly.valve, anthropic.conversation, ring.event, version.sensor, system_health, radio_browser, smlight.update, timer, ring, cover, overkiz.climate, start_time.sensor, google_generative_ai_conversation.stt, hassio.update, switch_as_x.light, matter.button, hue.sensor, ring.binary_sensor, tuya.alarm_control_panel, mobile_app, assist_satellite, http, utility_meter.sensor, overkiz.lock, pronote.calendar, template.sensor, esphome.button, mqtt.number, webhook, hue.scene, meross_lan.light, switchbot.switch, freebox.alarm_control_panel, overkiz.sensor, kleenex_pollenradar, tuya.button, switch, co2signal.sensor, teslemetry.select, xiaomi_miio, input_select, meross_lan.switch, homeassistant.scene, alexa_media.light, shelly, valve, matter.event, zwave_js.light, overkiz.cover, group.sensor, overkiz.scene, freebox.button, spook.binary_sensor, met.weather, zwave_js.number, alexa_media, freebox.device_tracker, ring.number, homeassistant_sky_connect, frontend, onboarding, smartir, default_config, local_ip.sensor, esphome.light, vacuum, zwave_js.binary_sensor, schedule, esphome.cover, shelly.cover, broadlink, zwave_js.event, dlna_dms, matter.lock, esphome.sensor, mobile_app.sensor, meteo_france.sensor, matter.number, holiday, mqtt.camera, lametric.sensor, media_player, tag, rtetempo.binary_sensor, overkiz.water_heater, bluetooth_adapters, teslemetry.button, fluidra_pool.select, ring.siren, calendar, ring.sensor, teslemetry.switch, lametric.switch, integration.sensor, xiaomi_miio.light, met, backup, intent, recorder, tuya.sensor, start_time, meross_lan, spook.number, remote, hacs.switch, rtetempo.sensor, file_upload, alexa_media.sensor, auth, alexa_media.switch, mqtt.text, bluetooth, esphome.update, esphome, teslemetry.calendar, energy, spook.time, google_assistant, teslemetry.sensor, teslemetry.device_tracker, hacs, mobile_app.notify, uptime, alexa_media.binary_sensor, spook, counter, shelly.button, input_button, person, local_calendar.calendar, climate, select, holiday.calendar, websocket_api, philips_js.switch, button, update, tuya.binary_sensor, zwave_js.sensor, enphase_envoy.number, matter.fan, light, cloud.binary_sensor, esphome.select, tuya.cover, mqtt, freebox.sensor, mqtt.vacuum, config, shelly.binary_sensor, zwave_js.cover, meross_lan.button, tuya.fan, tuya.light, automation, matter.binary_sensor, utility_meter, forecast_solar.sensor, matter, humidifier, homeassistant_hardware, smlight, fluidra_pool.number, assist_pipeline, enphase_envoy.binary_sensor, controld.sensor, kleenex_pollenradar.sensor, camera, teslemetry.number, zwave_js.fan, mqtt.lock, usb, fluidra_pool.sensor, lametric, device_automation, matter.water_heater, template, tuya.valve, network, zone, number, zwave_js, matter.switch, homeassistant_sky_connect.update, input_number, songpal, teslemetry.climate, oralb.sensor, fan, pronote, matter.cover, overkiz.siren, mobile_app.binary_sensor, overkiz, androidtv_remote, hue.binary_sensor, cast, tuya.switch, controld, tuya, zwave_js.update, controld.number, blueprint, switchbot.sensor, shelly.light, teslemetry.update, open_router, cloud.stt, philips_js.binary_sensor, open_router.ai_task, smlight.binary_sensor, oralb, shelly.event, mqtt_room.sensor, tuya.camera, overkiz.select, spook.button, diagnostics, overkiz.light, mqtt.update, shelly.switch, tuya.climate, freebox.switch, matter.sensor, meross_lan.cover, smlight.button, logbook, time, google.calendar, input_text, google_translate.tts, lametric.update, philips_js.media_player, sensor, hassio, mqtt.button, homeassistant_alerts, broadlink.switch, media_source, tuya.vacuum, androidtv_remote.remote, search, history, logger, uptime.sensor, mqtt.alarm_control_panel, spook.event, ssdp, fluidra_pool.time, shelly.update, rtetempo, enphase_envoy.sensor, hue.light, alexa, persistent_notification, freebox.camera, mqtt.device_tracker, siren, ffmpeg, backup.event, google_generative_ai_conversation.conversation, matter.update, mqtt.sensor, co2signal, teslemetry.cover, fluidra_pool, notify, broadlink.remote, device_tracker, google_generative_ai_conversation.ai_task, backup.sensor, philips_js.light, ring.switch, zwave_js.siren, script, repairs, vigieau, esphome.media_player, zwave_js.button, system_log, event, switch_as_x, hardware, shelly.climate, lock, esphome.event, rtetempo.calendar, input_datetime, group.light, open_router.conversation, lametric.button, zeroconf, spook.switch, binary_sensor, hassio.sensor, smartir.sensor, smartir.climate, local_calendar, version.binary_sensor, integration, meross_lan.sensor, tts, water_heater, otbr, stream, text, shelly.text, energy.sensor, lametric.notify, alexa_media.alarm_control_panel, google_generative_ai_conversation.tts, my, zwave_js.humidifier, meteo_france.weather, version, androidtv.media_player, google, spook.sensor, lametric.select, wake_word, mqtt.switch, teslemetry, analytics, controld.switch, alarm_control_panel, ring.camera, fluidra_pool.switch, go2rtc, weather, esphome.assist_satellite, teslemetry.lock, teslemetry.binary_sensor, stt, zwave_js.lock, androidtv_remote.media_player, alexa_media.notify, philips_js.remote, enphase_envoy.select, alexa_media.media_player, tuya.siren, tuya.scene, tuya.number, zwave_js.select, pronote.sensor, cloud, trace, overkiz.alarm_control_panel, androidtv.remote, teslemetry.media_player, hassio.binary_sensor, tuya.event, mqtt.event, ring.button, season, esphome.binary_sensor, image_upload, forecast_solar, hue.event, mqtt.binary_sensor, philips_js, androidtv, shelly.number, matter.select, spook.select, shelly.sensor, overkiz.binary_sensor, meross_lan.number, matter.vacuum, conversation, anthropic, overkiz.button, enphase_envoy.switch, cast.media_player, local_ip, moon, esphome.number, smlight.sensor, group.cover, dhcp, hue.switch, sun.sensor, matter.climate, lovelace, enphase_envoy, moon.sensor, cloud.tts, switchbot, zwave_js.climate, input_boolean, vigieau.sensor, lametric.number, matter.valve, season.sensor, zwave_js.switch, ai_task, freebox.binary_sensor The system is waiting for tasks: {<Task pending name='Task-2040' coro=<AbstractConfig.async_initialize.<locals>.sync_google() running at /usr/src/homeassistant/homeassistant/components/google_assistant/helpers.py:114> wait_for=<_GatheringFuture pending cb=[Task.task_wakeup()]> cb=[set.remove()]>}
2025-09-26 21:06:33.845 WARNING (Recorder) [homeassistant.components.recorder.db_schema] State attributes for sensor.pronote_chabrol_thomas_period_s_timetable exceed maximum size of 16384 bytes. This can cause database performance issues; Attributes will not be stored
2025-09-26 21:06:33.849 WARNING (Recorder) [homeassistant.components.recorder.db_schema] State attributes for sensor.pronote_chabrol_thomas_period_s_timetable exceed maximum size of 16384 bytes. This can cause database performance issues; Attributes will not be stored
2025-09-26 21:06:34.468 WARNING (Recorder) [homeassistant.components.recorder.db_schema] State attributes for sensor.pronote_chabrol_thomas_period_s_timetable exceed maximum size of 16384 bytes. This can cause database performance issues; Attributes will not be stored
2025-09-26 21:06:34.548 WARNING (Recorder) [homeassistant.components.recorder.db_schema] State attributes for sensor.pronote_chabrol_thomas_period_s_timetable exceed maximum size of 16384 bytes. This can cause database performance issues; Attributes will not be stored
2025-09-26 21:06:36.154 WARNING (MainThread) [homeassistant.components.songpal.media_player] [HT-ZF9(http://192.168.1.219:10000/sony)] Unable to connect
2025-09-26 21:06:51.546 ERROR (MainThread) [custom_components.fluidra_pool.coordinator] üîç COMPONENT 6: reported=, desired=None, full={'id': 6, 'reportedValue': '', 'ts': 1758908740}
2025-09-26 21:06:53.686 ERROR (MainThread) [custom_components.fluidra_pool.coordinator] üîç COMPONENT 16: reported=100, desired=None, full={'id': 16, 'reportedValue': 100, 'ts': 1758908740}
2025-09-26 21:06:53.907 ERROR (MainThread) [custom_components.fluidra_pool.coordinator] üîç COMPONENT 17: reported=1, desired=None, full={'id': 17, 'reportedValue': 1, 'ts': 1758908740}
2025-09-26 21:06:55.292 WARNING (MainThread) [custom_components.fluidra_pool.select] [SELECT 8] ‚ùå Schedule not found in 7 schedules
2025-09-26 21:06:55.292 WARNING (MainThread) [custom_components.fluidra_pool.select] [SELECT 8] ‚ùå Schedule not found in 7 schedules
2025-09-26 21:07:05.195 WARNING (MainThread) [homeassistant.helpers.template] Template variable warning: 'dict object' has no attribute 'human_detect_enabled' when rendering '{{ value_json.human_detect_enabled }}'
2025-09-26 21:07:05.207 WARNING (MainThread) [homeassistant.helpers.template] Template variable warning: 'dict object' has no attribute 'human_detect_enabled' when rendering '{{ value_json.human_detect_enabled }}'
2025-09-26 21:07:05.209 ERROR (MainThread) [homeassistant.components.mqtt.select] Invalid option for select.piscine_lighting_trigger: 'alarm_on' (valid options: ['manual', 'always'])
2025-09-26 21:07:09.174 WARNING (MainThread) [homeassistant.components.automation.eclairage_intelligent_cellier] üç∂ √âclairage Intelligent Cellier: Already running
2025-09-26 21:07:09.175 WARNING (MainThread) [homeassistant.components.automation.eclairage_intelligent_cellier] üç∂ √âclairage Intelligent Cellier: Already running
2025-09-26 21:07:09.188 WARNING (MainThread) [homeassistant.components.automation.eclairage_intelligent_buanderie] üß∫ √âclairage Intelligent Buanderie: Already running
2025-09-26 21:07:29.015 ERROR (MainThread) [custom_components.fluidra_pool.coordinator] üîç COMPONENT 6: reported=, desired=None, full={'id': 6, 'reportedValue': '', 'ts': 1758908740}
2025-09-26 21:07:30.968 INFO (MainThread) [custom_components.controld.switch] Filter dnsvpn turn_on called
2025-09-26 21:07:30.969 INFO (MainThread) [custom_components.controld.switch] Filter dnsvpn toggle to status 1 started
2025-09-26 21:07:30.969 INFO (MainThread) [custom_components.controld.switch] Filter dnsvpn local state set: state=True, expires=1758913680.969224
2025-09-26 21:07:30.969 DEBUG (MainThread) [custom_components.controld.switch] Filter dnsvpn is_on check: local_state=True, expires=1758913680.969224, current_time=1758913650.9694054, time_left=29.999818563461304
2025-09-26 21:07:30.969 DEBUG (MainThread) [custom_components.controld.switch] Filter dnsvpn using local state: True
2025-09-26 21:07:31.062 ERROR (MainThread) [custom_components.fluidra_pool.coordinator] üîç COMPONENT 16: reported=100, desired=None, full={'id': 16, 'reportedValue': 100, 'ts': 1758908740}
2025-09-26 21:07:31.224 INFO (MainThread) [custom_components.controld.switch] Filter API response for dnsvpn: status=200, body={"body":{"profiles":[{"PK":"715825cdg06z","updated":1758902585,"name":"No filtre","profile":{"flt":{"count":13},"cflt":{"count":0},"ipflt":{"count":0},"rule":{"count":22},"svc":{"count":0},"grp":{"count":0},"opt":{"count":1,"data":[{"PK":"ai_malware","value":0.9}]},"da":{"do":3,"via":"FRA","status":1}}}]},"success":true,"message":"Profile has been updated"}
2025-09-26 21:07:31.225 INFO (MainThread) [custom_components.controld.switch] Filter dnsvpn enabled successfully in profile 715825cdg06z
2025-09-26 21:07:31.258 ERROR (MainThread) [custom_components.fluidra_pool.coordinator] üîç COMPONENT 17: reported=1, desired=None, full={'id': 17, 'reportedValue': 1, 'ts': 1758908740}
2025-09-26 21:07:31.404 INFO (MainThread) [custom_components.controld.switch] Filter urlshort turn_on called
2025-09-26 21:07:31.404 INFO (MainThread) [custom_components.controld.switch] Filter urlshort toggle to status 1 started
2025-09-26 21:07:31.404 INFO (MainThread) [custom_components.controld.switch] Filter urlshort local state set: state=True, expires=1758913681.4045339
2025-09-26 21:07:31.404 DEBUG (MainThread) [custom_components.controld.switch] Filter urlshort is_on check: local_state=True, expires=1758913681.4045339, current_time=1758913651.404727, time_left=29.999806880950928
2025-09-26 21:07:31.404 DEBUG (MainThread) [custom_components.controld.switch] Filter urlshort using local state: True
2025-09-26 21:07:31.660 INFO (MainThread) [custom_components.controld.switch] Filter API response for urlshort: status=200, body={"body":{"profiles":[{"PK":"715825cdg06z","updated":1758902585,"name":"No filtre","profile":{"flt":{"count":13},"cflt":{"count":0},"ipflt":{"count":0},"rule":{"count":22},"svc":{"count":0},"grp":{"count":0},"opt":{"count":1,"data":[{"PK":"ai_malware","value":0.9}]},"da":{"do":3,"via":"FRA","status":1}}}]},"success":true,"message":"Profile has been updated"}
2025-09-26 21:07:31.660 INFO (MainThread) [custom_components.controld.switch] Filter urlshort enabled successfully in profile 715825cdg06z
2025-09-26 21:07:32.572 WARNING (MainThread) [custom_components.fluidra_pool.select] [SELECT 8] ‚ùå Schedule not found in 7 schedules
2025-09-26 21:07:32.572 WARNING (MainThread) [custom_components.fluidra_pool.select] [SELECT 8] ‚ùå Schedule not found in 7 schedules
2025-09-26 21:07:36.226 DEBUG (MainThread) [custom_components.controld.sensor] Starting ControlD data update
2025-09-26 21:07:36.226 DEBUG (MainThread) [custom_components.controld.sensor] API base URL: https://api.controld.com
2025-09-26 21:07:36.226 DEBUG (MainThread) [custom_components.controld.sensor] Using API token: ***6ce7
2025-09-26 21:07:36.226 DEBUG (MainThread) [custom_components.controld.sensor] Fetching profiles from API
2025-09-26 21:07:36.503 DEBUG (MainThread) [custom_components.controld.sensor] Profiles API response status: 200
2025-09-26 21:07:36.504 DEBUG (MainThread) [custom_components.controld.sensor] Profiles data received: 3 profiles
2025-09-26 21:07:36.504 DEBUG (MainThread) [custom_components.controld.sensor] Fetching devices from API
2025-09-26 21:07:36.662 DEBUG (MainThread) [custom_components.controld.switch] Filter urlshort is_on check: local_state=None, expires=None, current_time=1758913656.6622167, time_left=None
2025-09-26 21:07:36.662 DEBUG (MainThread) [custom_components.controld.switch] Filter urlshort using API state: False
2025-09-26 21:07:36.662 DEBUG (MainThread) [custom_components.controld.switch] Filter urlshort is_on check: local_state=None, expires=None, current_time=1758913656.6623669, time_left=None
2025-09-26 21:07:36.662 DEBUG (MainThread) [custom_components.controld.switch] Filter urlshort using API state: False
2025-09-26 21:07:36.938 DEBUG (MainThread) [custom_components.controld.sensor] Devices API response status: 200
2025-09-26 21:07:36.938 DEBUG (MainThread) [custom_components.controld.sensor] Devices data received: 6 devices
2025-09-26 21:07:39.040 INFO (MainThread) [custom_components.controld.sensor] ControlD data update completed successfully
2025-09-26 21:07:39.041 DEBUG (MainThread) [custom_components.controld.sensor] Finished fetching controld data in 2.816 seconds (success: True)
2025-09-26 21:07:39.042 DEBUG (MainThread) [custom_components.controld.switch] Filter ads is_on check: local_state=None, expires=None, current_time=1758913659.0427697, time_left=None
2025-09-26 21:07:39.042 DEBUG (MainThread) [custom_components.controld.switch] Filter ads using API state: True
2025-09-26 21:07:39.042 DEBUG (MainThread) [custom_components.controld.switch] Filter porn is_on check: local_state=None, expires=None, current_time=1758913659.0429142, time_left=None
2025-09-26 21:07:39.042 DEBUG (MainThread) [custom_components.controld.switch] Filter porn using API state: False
2025-09-26 21:07:39.042 DEBUG (MainThread) [custom_components.controld.switch] Filter noai is_on check: local_state=None, expires=None, current_time=1758913659.0429926, time_left=None
2025-09-26 21:07:39.043 DEBUG (MainThread) [custom_components.controld.switch] Filter noai using API state: False
2025-09-26 21:07:39.043 DEBUG (MainThread) [custom_components.controld.switch] Filter fakenews is_on check: local_state=None, expires=None, current_time=1758913659.043067, time_left=None
2025-09-26 21:07:39.043 DEBUG (MainThread) [custom_components.controld.switch] Filter fakenews using API state: True
2025-09-26 21:07:39.043 DEBUG (MainThread) [custom_components.controld.switch] Filter cryptominers is_on check: local_state=None, expires=None, current_time=1758913659.0431368, time_left=None
2025-09-26 21:07:39.043 DEBUG (MainThread) [custom_components.controld.switch] Filter cryptominers using API state: False
2025-09-26 21:07:39.043 DEBUG (MainThread) [custom_components.controld.switch] Filter dating is_on check: local_state=None, expires=None, current_time=1758913659.0432057, time_left=None
2025-09-26 21:07:39.043 DEBUG (MainThread) [custom_components.controld.switch] Filter dating using API state: True
2025-09-26 21:07:39.043 DEBUG (MainThread) [custom_components.controld.switch] Filter drugs is_on check: local_state=None, expires=None, current_time=1758913659.0432725, time_left=None
2025-09-26 21:07:39.043 DEBUG (MainThread) [custom_components.controld.switch] Filter drugs using API state: True
2025-09-26 21:07:39.043 DEBUG (MainThread) [custom_components.controld.switch] Filter ddns is_on check: local_state=None, expires=None, current_time=1758913659.043337, time_left=None
2025-09-26 21:07:39.043 DEBUG (MainThread) [custom_components.controld.switch] Filter ddns using API state: False
2025-09-26 21:07:39.043 DEBUG (MainThread) [custom_components.controld.switch] Filter filehost is_on check: local_state=None, expires=None, current_time=1758913659.043401, time_left=None
2025-09-26 21:07:39.043 DEBUG (MainThread) [custom_components.controld.switch] Filter filehost using API state: False
2025-09-26 21:07:39.043 DEBUG (MainThread) [custom_components.controld.switch] Filter gambling is_on check: local_state=None, expires=None, current_time=1758913659.0434656, time_left=None
2025-09-26 21:07:39.043 DEBUG (MainThread) [custom_components.controld.switch] Filter gambling using API state: True
2025-09-26 21:07:39.043 DEBUG (MainThread) [custom_components.controld.switch] Filter games is_on check: local_state=None, expires=None, current_time=1758913659.0435295, time_left=None
2025-09-26 21:07:39.043 DEBUG (MainThread) [custom_components.controld.switch] Filter games using API state: False
2025-09-26 21:07:39.043 DEBUG (MainThread) [custom_components.controld.switch] Filter gov is_on check: local_state=None, expires=None, current_time=1758913659.0435917, time_left=None
2025-09-26 21:07:39.043 DEBUG (MainThread) [custom_components.controld.switch] Filter gov using API state: False
2025-09-26 21:07:39.043 DEBUG (MainThread) [custom_components.controld.switch] Filter iot is_on check: local_state=None, expires=None, current_time=1758913659.043652, time_left=None
2025-09-26 21:07:39.043 DEBUG (MainThread) [custom_components.controld.switch] Filter iot using API state: True
2025-09-26 21:07:39.043 DEBUG (MainThread) [custom_components.controld.switch] Filter malware is_on check: local_state=None, expires=None, current_time=1758913659.0437129, time_left=None
2025-09-26 21:07:39.043 DEBUG (MainThread) [custom_components.controld.switch] Filter malware using API state: True
2025-09-26 21:07:39.043 DEBUG (MainThread) [custom_components.controld.switch] Filter nrd is_on check: local_state=None, expires=None, current_time=1758913659.0438182, time_left=None
2025-09-26 21:07:39.043 DEBUG (MainThread) [custom_components.controld.switch] Filter nrd using API state: True
2025-09-26 21:07:39.043 DEBUG (MainThread) [custom_components.controld.switch] Filter typo is_on check: local_state=None, expires=None, current_time=1758913659.0439155, time_left=None
2025-09-26 21:07:39.043 DEBUG (MainThread) [custom_components.controld.switch] Filter typo using API state: True
2025-09-26 21:07:39.044 DEBUG (MainThread) [custom_components.controld.switch] Filter social is_on check: local_state=None, expires=None, current_time=1758913659.044011, time_left=None
2025-09-26 21:07:39.044 DEBUG (MainThread) [custom_components.controld.switch] Filter social using API state: False
2025-09-26 21:07:39.044 DEBUG (MainThread) [custom_components.controld.switch] Filter torrents is_on check: local_state=None, expires=None, current_time=1758913659.0441124, time_left=None
2025-09-26 21:07:39.044 DEBUG (MainThread) [custom_components.controld.switch] Filter torrents using API state: False
2025-09-26 21:07:39.044 DEBUG (MainThread) [custom_components.controld.switch] Filter urlshort is_on check: local_state=None, expires=None, current_time=1758913659.0442128, time_left=None
2025-09-26 21:07:39.044 DEBUG (MainThread) [custom_components.controld.switch] Filter urlshort using API state: False
2025-09-26 21:07:39.044 DEBUG (MainThread) [custom_components.controld.switch] Filter dnsvpn is_on check: local_state=True, expires=1758913680.969224, current_time=1758913659.0443141, time_left=21.924909830093384
2025-09-26 21:07:39.044 DEBUG (MainThread) [custom_components.controld.switch] Filter dnsvpn using local state: True
2025-09-26 21:07:39.044 DEBUG (MainThread) [custom_components.controld.switch] Filter ads is_on check: local_state=None, expires=None, current_time=1758913659.0444906, time_left=None
2025-09-26 21:07:39.044 DEBUG (MainThread) [custom_components.controld.switch] Filter ads using API state: True
2025-09-26 21:07:39.044 DEBUG (MainThread) [custom_components.controld.switch] Filter porn is_on check: local_state=None, expires=None, current_time=1758913659.0445967, time_left=None
2025-09-26 21:07:39.044 DEBUG (MainThread) [custom_components.controld.switch] Filter porn using API state: False
2025-09-26 21:07:39.044 DEBUG (MainThread) [custom_components.controld.switch] Filter noai is_on check: local_state=None, expires=None, current_time=1758913659.0447004, time_left=None
2025-09-26 21:07:39.044 DEBUG (MainThread) [custom_components.controld.switch] Filter noai using API state: False
2025-09-26 21:07:39.044 DEBUG (MainThread) [custom_components.controld.switch] Filter fakenews is_on check: local_state=None, expires=None, current_time=1758913659.0448332, time_left=None
2025-09-26 21:07:39.044 DEBUG (MainThread) [custom_components.controld.switch] Filter fakenews using API state: True
2025-09-26 21:07:39.044 DEBUG (MainThread) [custom_components.controld.switch] Filter cryptominers is_on check: local_state=None, expires=None, current_time=1758913659.044972, time_left=None
2025-09-26 21:07:39.045 DEBUG (MainThread) [custom_components.controld.switch] Filter cryptominers using API state: False
2025-09-26 21:07:39.045 DEBUG (MainThread) [custom_components.controld.switch] Filter dating is_on check: local_state=None, expires=None, current_time=1758913659.0450993, time_left=None
2025-09-26 21:07:39.045 DEBUG (MainThread) [custom_components.controld.switch] Filter dating using API state: True
2025-09-26 21:07:39.045 DEBUG (MainThread) [custom_components.controld.switch] Filter drugs is_on check: local_state=None, expires=None, current_time=1758913659.0452306, time_left=None
2025-09-26 21:07:39.045 DEBUG (MainThread) [custom_components.controld.switch] Filter drugs using API state: True
2025-09-26 21:07:39.045 DEBUG (MainThread) [custom_components.controld.switch] Filter ddns is_on check: local_state=None, expires=None, current_time=1758913659.0453541, time_left=None
2025-09-26 21:07:39.045 DEBUG (MainThread) [custom_components.controld.switch] Filter ddns using API state: False
2025-09-26 21:07:39.045 DEBUG (MainThread) [custom_components.controld.switch] Filter filehost is_on check: local_state=None, expires=None, current_time=1758913659.045435, time_left=None
2025-09-26 21:07:39.045 DEBUG (MainThread) [custom_components.controld.switch] Filter filehost using API state: False
2025-09-26 21:07:39.045 DEBUG (MainThread) [custom_components.controld.switch] Filter gambling is_on check: local_state=None, expires=None, current_time=1758913659.0454957, time_left=None
2025-09-26 21:07:39.045 DEBUG (MainThread) [custom_components.controld.switch] Filter gambling using API state: True
2025-09-26 21:07:39.045 DEBUG (MainThread) [custom_components.controld.switch] Filter games is_on check: local_state=None, expires=None, current_time=1758913659.0455554, time_left=None
2025-09-26 21:07:39.045 DEBUG (MainThread) [custom_components.controld.switch] Filter games using API state: False
2025-09-26 21:07:39.045 DEBUG (MainThread) [custom_components.controld.switch] Filter gov is_on check: local_state=None, expires=None, current_time=1758913659.0456316, time_left=None
2025-09-26 21:07:39.045 DEBUG (MainThread) [custom_components.controld.switch] Filter gov using API state: False
2025-09-26 21:07:39.045 DEBUG (MainThread) [custom_components.controld.switch] Filter iot is_on check: local_state=None, expires=None, current_time=1758913659.0457377, time_left=None
2025-09-26 21:07:39.045 DEBUG (MainThread) [custom_components.controld.switch] Filter iot using API state: False
2025-09-26 21:07:39.045 DEBUG (MainThread) [custom_components.controld.switch] Filter malware is_on check: local_state=None, expires=None, current_time=1758913659.045853, time_left=None
2025-09-26 21:07:39.045 DEBUG (MainThread) [custom_components.controld.switch] Filter malware using API state: True
2025-09-26 21:07:39.045 DEBUG (MainThread) [custom_components.controld.switch] Filter nrd is_on check: local_state=None, expires=None, current_time=1758913659.0459535, time_left=None
2025-09-26 21:07:39.046 DEBUG (MainThread) [custom_components.controld.switch] Filter nrd using API state: True
2025-09-26 21:07:39.046 DEBUG (MainThread) [custom_components.controld.switch] Filter typo is_on check: local_state=None, expires=None, current_time=1758913659.0460532, time_left=None
2025-09-26 21:07:39.046 DEBUG (MainThread) [custom_components.controld.switch] Filter typo using API state: True
2025-09-26 21:07:39.046 DEBUG (MainThread) [custom_components.controld.switch] Filter social is_on check: local_state=None, expires=None, current_time=1758913659.046134, time_left=None
2025-09-26 21:07:39.046 DEBUG (MainThread) [custom_components.controld.switch] Filter social using API state: False
2025-09-26 21:07:39.046 DEBUG (MainThread) [custom_components.controld.switch] Filter torrents is_on check: local_state=None, expires=None, current_time=1758913659.0462096, time_left=None
2025-09-26 21:07:39.046 DEBUG (MainThread) [custom_components.controld.switch] Filter torrents using API state: False
2025-09-26 21:07:39.046 DEBUG (MainThread) [custom_components.controld.switch] Filter urlshort is_on check: local_state=None, expires=None, current_time=1758913659.046272, time_left=None
2025-09-26 21:07:39.046 DEBUG (MainThread) [custom_components.controld.switch] Filter urlshort using API state: False
2025-09-26 21:07:39.046 DEBUG (MainThread) [custom_components.controld.switch] Filter dnsvpn is_on check: local_state=None, expires=None, current_time=1758913659.0463324, time_left=None
2025-09-26 21:07:39.046 DEBUG (MainThread) [custom_components.controld.switch] Filter dnsvpn using API state: False
2025-09-26 21:07:39.046 DEBUG (MainThread) [custom_components.controld.switch] Filter ads is_on check: local_state=None, expires=None, current_time=1758913659.0464573, time_left=None
2025-09-26 21:07:39.046 DEBUG (MainThread) [custom_components.controld.switch] Filter ads using API state: True
2025-09-26 21:07:39.046 DEBUG (MainThread) [custom_components.controld.switch] Filter porn is_on check: local_state=None, expires=None, current_time=1758913659.0465205, time_left=None
2025-09-26 21:07:39.046 DEBUG (MainThread) [custom_components.controld.switch] Filter porn using API state: True
2025-09-26 21:07:39.046 DEBUG (MainThread) [custom_components.controld.switch] Filter noai is_on check: local_state=None, expires=None, current_time=1758913659.0465784, time_left=None
2025-09-26 21:07:39.046 DEBUG (MainThread) [custom_components.controld.switch] Filter noai using API state: False
2025-09-26 21:07:39.046 DEBUG (MainThread) [custom_components.controld.switch] Filter fakenews is_on check: local_state=None, expires=None, current_time=1758913659.0466368, time_left=None
2025-09-26 21:07:39.046 DEBUG (MainThread) [custom_components.controld.switch] Filter fakenews using API state: True
2025-09-26 21:07:39.046 DEBUG (MainThread) [custom_components.controld.switch] Filter cryptominers is_on check: local_state=None, expires=None, current_time=1758913659.046695, time_left=None
2025-09-26 21:07:39.046 DEBUG (MainThread) [custom_components.controld.switch] Filter cryptominers using API state: False
2025-09-26 21:07:39.046 DEBUG (MainThread) [custom_components.controld.switch] Filter dating is_on check: local_state=None, expires=None, current_time=1758913659.0467532, time_left=None
2025-09-26 21:07:39.047 DEBUG (MainThread) [custom_components.controld.switch] Filter dating using API state: True
2025-09-26 21:07:39.047 DEBUG (MainThread) [custom_components.controld.switch] Filter drugs is_on check: local_state=None, expires=None, current_time=1758913659.047658, time_left=None
2025-09-26 21:07:39.047 DEBUG (MainThread) [custom_components.controld.switch] Filter drugs using API state: True
2025-09-26 21:07:39.047 DEBUG (MainThread) [custom_components.controld.switch] Filter ddns is_on check: local_state=None, expires=None, current_time=1758913659.047829, time_left=None
2025-09-26 21:07:39.047 DEBUG (MainThread) [custom_components.controld.switch] Filter ddns using API state: False
2025-09-26 21:07:39.047 DEBUG (MainThread) [custom_components.controld.switch] Filter filehost is_on check: local_state=None, expires=None, current_time=1758913659.0479515, time_left=None
2025-09-26 21:07:39.048 DEBUG (MainThread) [custom_components.controld.switch] Filter filehost using API state: False
2025-09-26 21:07:39.048 DEBUG (MainThread) [custom_components.controld.switch] Filter gambling is_on check: local_state=None, expires=None, current_time=1758913659.0480638, time_left=None
2025-09-26 21:07:39.048 DEBUG (MainThread) [custom_components.controld.switch] Filter gambling using API state: True
2025-09-26 21:07:39.048 DEBUG (MainThread) [custom_components.controld.switch] Filter games is_on check: local_state=None, expires=None, current_time=1758913659.0481703, time_left=None
2025-09-26 21:07:39.048 DEBUG (MainThread) [custom_components.controld.switch] Filter games using API state: False
2025-09-26 21:07:39.048 DEBUG (MainThread) [custom_components.controld.switch] Filter gov is_on check: local_state=None, expires=None, current_time=1758913659.0482504, time_left=None
2025-09-26 21:07:39.048 DEBUG (MainThread) [custom_components.controld.switch] Filter gov using API state: False
2025-09-26 21:07:39.048 DEBUG (MainThread) [custom_components.controld.switch] Filter iot is_on check: local_state=None, expires=None, current_time=1758913659.0483084, time_left=None
2025-09-26 21:07:39.048 DEBUG (MainThread) [custom_components.controld.switch] Filter iot using API state: False
2025-09-26 21:07:39.048 DEBUG (MainThread) [custom_components.controld.switch] Filter malware is_on check: local_state=None, expires=None, current_time=1758913659.0483675, time_left=None
2025-09-26 21:07:39.048 DEBUG (MainThread) [custom_components.controld.switch] Filter malware using API state: True
2025-09-26 21:07:39.048 DEBUG (MainThread) [custom_components.controld.switch] Filter nrd is_on check: local_state=None, expires=None, current_time=1758913659.0484264, time_left=None
2025-09-26 21:07:39.048 DEBUG (MainThread) [custom_components.controld.switch] Filter nrd using API state: True
2025-09-26 21:07:39.048 DEBUG (MainThread) [custom_components.controld.switch] Filter typo is_on check: local_state=None, expires=None, current_time=1758913659.048485, time_left=None
2025-09-26 21:07:39.048 DEBUG (MainThread) [custom_components.controld.switch] Filter typo using API state: True
2025-09-26 21:07:39.048 DEBUG (MainThread) [custom_components.controld.switch] Filter social is_on check: local_state=None, expires=None, current_time=1758913659.0485435, time_left=None
2025-09-26 21:07:39.048 DEBUG (MainThread) [custom_components.controld.switch] Filter social using API state: False
2025-09-26 21:07:39.048 DEBUG (MainThread) [custom_components.controld.switch] Filter torrents is_on check: local_state=None, expires=None, current_time=1758913659.0486028, time_left=None
2025-09-26 21:07:39.048 DEBUG (MainThread) [custom_components.controld.switch] Filter torrents using API state: True
2025-09-26 21:07:39.048 DEBUG (MainThread) [custom_components.controld.switch] Filter urlshort is_on check: local_state=None, expires=None, current_time=1758913659.0486617, time_left=None
2025-09-26 21:07:39.048 DEBUG (MainThread) [custom_components.controld.switch] Filter urlshort using API state: False
2025-09-26 21:07:39.048 DEBUG (MainThread) [custom_components.controld.switch] Filter dnsvpn is_on check: local_state=None, expires=None, current_time=1758913659.0487213, time_left=None
2025-09-26 21:07:39.048 DEBUG (MainThread) [custom_components.controld.switch] Filter dnsvpn using API state: False
2025-09-26 21:07:39.050 DEBUG (MainThread) [custom_components.controld.switch] Filter dnsvpn is_on check: local_state=None, expires=None, current_time=1758913659.0502882, time_left=None
2025-09-26 21:07:39.050 DEBUG (MainThread) [custom_components.controld.switch] Filter dnsvpn using API state: False
2025-09-26 21:07:39.050 DEBUG (MainThread) [custom_components.controld.switch] Filter dnsvpn is_on check: local_state=None, expires=None, current_time=1758913659.0504675, time_left=None
2025-09-26 21:07:39.050 DEBUG (MainThread) [custom_components.controld.switch] Filter dnsvpn using API state: False
2025-09-26 21:07:39.257 WARNING (MainThread) [homeassistant.components.songpal.media_player] [HT-ZF9(http://192.168.1.219:10000/sony)] Unable to connect
